\BOOKMARK [1][-]{section.1}{\376\377\000R\000e\000s\000u\000m\000e\000n\000\040\000E\000j\000e\000c\000u\000t\000i\000v\000o}{}% 1
\BOOKMARK [1][-]{section.2}{\376\377\000A\000n\000t\000e\000c\000e\000d\000e\000n\000t\000e\000s\000\040\000d\000e\000l\000\040\000P\000r\000o\000y\000e\000c\000t\000o}{}% 2
\BOOKMARK [2][-]{subsection.2.1}{\376\377\000D\000e\000s\000c\000r\000i\000p\000c\000i\000\363\000n\000\040\000d\000e\000l\000\040\000s\000i\000s\000t\000e\000m\000a}{section.2}% 3
\BOOKMARK [2][-]{subsection.2.2}{\376\377\000P\000r\000o\000b\000l\000e\000m\000a\000\040\000d\000e\000c\000l\000a\000r\000a\000d\000o}{section.2}% 4
\BOOKMARK [2][-]{subsection.2.3}{\376\377\000P\000r\000e\000g\000u\000n\000t\000a\000\040\000c\000e\000n\000t\000r\000a\000l\000\040\000d\000e\000l\000\040\000e\000s\000t\000u\000d\000i\000o}{section.2}% 5
\BOOKMARK [1][-]{section.3}{\376\377\000A\000l\000c\000a\000n\000c\000e\000\040\000d\000e\000l\000\040\000E\000s\000t\000u\000d\000i\000o\000\040\000d\000e\000\040\000S\000i\000m\000u\000l\000a\000c\000i\000\363\000n}{}% 6
\BOOKMARK [2][-]{subsection.3.1}{\376\377\000D\000e\000n\000t\000r\000o\000\040\000d\000e\000l\000\040\000a\000l\000c\000a\000n\000c\000e}{section.3}% 7
\BOOKMARK [2][-]{subsection.3.2}{\376\377\000F\000u\000e\000r\000a\000\040\000d\000e\000l\000\040\000a\000l\000c\000a\000n\000c\000e}{section.3}% 8
\BOOKMARK [1][-]{section.4}{\376\377\000S\000u\000p\000u\000e\000s\000t\000o\000s\000\040\000d\000e\000\040\000P\000l\000a\000n\000i\000f\000i\000c\000a\000c\000i\000\363\000n\000\040\000d\000e\000l\000\040\000P\000r\000o\000y\000e\000c\000t\000o}{}% 9
\BOOKMARK [1][-]{section.5}{\376\377\000P\000l\000a\000n\000\040\000d\000e\000\040\000T\000r\000a\000b\000a\000j\000o\000\040\000p\000o\000r\000\040\000F\000a\000s\000e\000s}{}% 10
\BOOKMARK [2][-]{subsection.5.1}{\376\377\000F\000a\000s\000e\000\040\0000\000\040\040\023\000\040\000P\000l\000a\000n\000i\000f\000i\000c\000a\000c\000i\000\363\000n\000\040\000\040\000\050\0002\0000\000\040\000A\000b\000r\040\023\0002\0007\000\040\000A\000b\000r\000\267\0007\000\040\000d\000\355\000a\000s\000\051}{section.5}% 11
\BOOKMARK [2][-]{subsection.5.2}{\376\377\000F\000a\000s\000e\000\040\0001\000\040\040\024\000\040\000A\000n\000\341\000l\000i\000s\000i\000s\000\040\000d\000e\000l\000\040\000c\000a\000s\000o\000\040\000y\000\040\000d\000i\000a\000g\000r\000a\000m\000a\000s\000\040\000\040\000\050\0002\0007\000\040\000A\000b\000r\040\023\0002\000\040\000M\000a\000y\000\267\0006\000\040\000d\000\355\000a\000s\000\051}{section.5}% 12
\BOOKMARK [2][-]{subsection.5.3}{\376\377\000F\000a\000s\000e\000\040\0002\000\040\040\024\000\040\000C\000o\000n\000s\000t\000r\000u\000c\000c\000i\000\363\000n\000\040\000M\000o\000d\000u\000l\000a\000r\000\040\000d\000e\000l\000\040\000M\000o\000d\000e\000l\000o\000\040\000e\000n\000\040\000S\000I\000M\000I\000O\000\040\000\040\000\050\0003\040\023\0001\0000\000\040\000M\000a\000y\000\267\0008\000\040\000d\000\355\000a\000s\000\051}{section.5}% 13
\BOOKMARK [2][-]{subsection.5.4}{\376\377\000F\000a\000s\000e\000\040\0003\000\040\040\024\000\040\000V\000e\000r\000i\000f\000i\000c\000a\000c\000i\000\363\000n\000\040\000y\000\040\000V\000a\000l\000i\000d\000a\000c\000i\000\363\000n\000\040\000\040\000\050\0001\0000\040\023\0001\0002\000\040\000M\000a\000y\000\267\0003\000\040\000d\000\355\000a\000s\000\051}{section.5}% 14
\BOOKMARK [2][-]{subsection.5.5}{\376\377\000F\000a\000s\000e\000\040\0004\000\040\040\024\000\040\000D\000i\000s\000e\000\361\000o\000\040\000y\000\040\000E\000j\000e\000c\000u\000c\000i\000\363\000n\000\040\000d\000e\000\040\000E\000x\000p\000e\000r\000i\000m\000e\000n\000t\000o\000s\000\040\000\040\000\050\0001\0003\040\023\0001\0007\000\040\000M\000a\000y\000\267\0005\000\040\000d\000\355\000a\000s\000\051}{section.5}% 15
\BOOKMARK [2][-]{subsection.5.6}{\376\377\000F\000a\000s\000e\000\040\0005\000\040\040\024\000\040\000D\000o\000c\000u\000m\000e\000n\000t\000a\000c\000i\000\363\000n\000\040\000y\000\040\000E\000n\000t\000r\000e\000g\000a\000\040\000\040\000\050\0001\0007\040\023\0002\0000\000\040\000M\000a\000y\000\267\0004\000\040\000d\000\355\000a\000s\000\051}{section.5}% 16
\BOOKMARK [1][-]{section.6}{\376\377\000C\000r\000o\000n\000o\000g\000r\000a\000m\000a\000\040\000G\000e\000n\000e\000r\000a\000l}{}% 17
\BOOKMARK [1][-]{section.7}{\376\377\000H\000i\000t\000o\000s\000\040\000d\000e\000l\000\040\000P\000r\000o\000y\000e\000c\000t\000o}{}% 18
\BOOKMARK [1][-]{section.8}{\376\377\000G\000e\000s\000t\000i\000\363\000n\000\040\000d\000e\000\040\000R\000i\000e\000s\000g\000o\000s}{}% 19
\BOOKMARK [1][-]{section.9}{\376\377\000D\000i\000s\000t\000r\000i\000b\000u\000c\000i\000\363\000n\000\040\000d\000e\000\040\000R\000e\000s\000p\000o\000n\000s\000a\000b\000i\000l\000i\000d\000a\000d\000e\000s}{}% 20
\BOOKMARK [1][-]{section.10}{\376\377\000C\000r\000i\000t\000e\000r\000i\000o\000s\000\040\000d\000e\000\040\000C\000a\000l\000i\000d\000a\000d\000\040\000d\000e\000\040\000l\000o\000s\000\040\000E\000n\000t\000r\000e\000g\000a\000b\000l\000e\000s}{}% 21
\BOOKMARK [2][-]{subsection.10.1}{\376\377\000M\000o\000d\000e\000l\000o\000\040\000e\000n\000\040\000S\000I\000M\000I\000O}{section.10}% 22
\BOOKMARK [2][-]{subsection.10.2}{\376\377\000I\000n\000f\000o\000r\000m\000e\000\040\000T\000\351\000c\000n\000i\000c\000o\000\040\000\050\000g\000e\000r\000e\000n\000c\000i\000a\000l\000\051}{section.10}% 23
\BOOKMARK [2][-]{subsection.10.3}{\376\377\000I\000n\000f\000o\000r\000m\000e\000\040\000A\000c\000a\000d\000\351\000m\000i\000c\000o}{section.10}% 24
\BOOKMARK [1][-]{appendix.Alph1}{\376\377\000R\000e\000s\000u\000m\000e\000n\000\040\000d\000e\000\040\000D\000a\000t\000o\000s\000\040\000d\000e\000l\000\040\000S\000i\000s\000t\000e\000m\000a}{}% 25
\BOOKMARK [2][-]{subsection.Alph1.1}{\376\377\000D\000e\000m\000a\000n\000d\000a\000\040\000d\000i\000a\000r\000i\000a\000\040\000p\000o\000r\000\040\000t\000i\000p\000o\000\040\000d\000e\000\040\000p\000a\000n}{appendix.Alph1}% 26
\BOOKMARK [2][-]{subsection.Alph1.2}{\376\377\000F\000a\000m\000i\000l\000i\000a\000s\000\040\000d\000e\000\040\000h\000o\000r\000n\000e\000a\000d\000o\000\040\000y\000\040\000r\000e\000s\000t\000r\000i\000c\000c\000i\000o\000n\000e\000s\000\040\000d\000e\000l\000\040\000h\000o\000r\000n\000o}{appendix.Alph1}% 27
\BOOKMARK [2][-]{subsection.Alph1.3}{\376\377\000C\000o\000m\000p\000o\000s\000i\000c\000i\000\363\000n\000\040\000d\000e\000\040\000c\000o\000m\000p\000r\000a\000\040\000p\000o\000r\000\040\000c\000l\000i\000e\000n\000t\000e}{appendix.Alph1}% 28
